[www.peluqueriaartelatino.com/index.html]
[backblue.gif]
[fade.gif]
[index.html]
[www.peluqueriaartelatino.com/wp-content/plugins/contact-form-7/includes/css/styles38c6.css]
[www.peluqueriaartelatino.com/wp-content/plugins/contact-form-7-datepicker/js/jquery-ui-timepicker/jquery-ui-timepicker-addon.min8d9d.css]
[www.peluqueriaartelatino.com/wp-content/plugins/cookie-notice/css/front.min8d9d.css]
[www.peluqueriaartelatino.com/wp-content/plugins/cpo-widgets/css/style8d9d.css]
[www.peluqueriaartelatino.com/feed/index.html]
[www.peluqueriaartelatino.com/wp-content/plugins/woo-quote-or-enquiry-contact-form-7/assets/css/wqoecf-front-style8d9d.css]
[www.peluqueriaartelatino.com/comments/feed/index.html]
[www.peluqueriaartelatino.com/wp-content/plugins/woocommerce-all-discounts/public/css/wad-publicb3e8.css]
[www.peluqueriaartelatino.com/wp-content/plugins/woocommerce-all-discounts/public/css/tooltip.minb3e8.css]
[www.peluqueriaartelatino.com/wp-content/plugins/woocommerce/assets/css/woocommerce-layout9e95.css]
[www.peluqueriaartelatino.com/wp-content/plugins/woocommerce/assets/css/woocommerce-smallscreen9e95.css]
[www.peluqueriaartelatino.com/wp-content/plugins/woocommerce/assets/css/woocommerce9e95.css]
[www.peluqueriaartelatino.com/wp-content/plugins/wp-google-places-review-slider/public/css/wprev-public_combineeba7.css]
[www.peluqueriaartelatino.com/wp-content/plugins/wp-store-locator/css/styles.min7395.css]
[www.peluqueriaartelatino.com/wp-content/themes/event-planners/style8d9d.css]
[www.peluqueriaartelatino.com/wp-content/themes/event-planners/style_core8d9d.css]
[www.peluqueriaartelatino.com/wp-content/themes/event-planners/assets/css/nivo-slider8d9d.css]
[www.peluqueriaartelatino.com/wp-content/themes/event-planners/assets/css/prettyPhoto8d9d.css]
[www.peluqueriaartelatino.com/wp-content/themes/event-planners/assets/fonts/font-awesome8d9d.css]
[www.peluqueriaartelatino.com/wp-content/themes/event-planners/assets/css/custom-animation8d9d.css]
[www.peluqueriaartelatino.com/wp-content/themes/event-planners/assets/css/animation8d9d.css]
[www.peluqueriaartelatino.com/wp-content/plugins/creame-whatsapp-me/public/css/joinchat.minfb3d.css]
[www.peluqueriaartelatino.com/wp-includes/js/jquery/jqueryb8ff.js]
[www.peluqueriaartelatino.com/wp-includes/js/jquery/jquery-migrate.min330a.js]
[www.peluqueriaartelatino.com/wp-content/plugins/cookie-notice/js/front.min9e1e.js]
[www.peluqueriaartelatino.com/wp-content/plugins/woocommerce-all-discounts/public/js/wad-publicb3e8.js]
[www.peluqueriaartelatino.com/wp-content/plugins/woocommerce-all-discounts/public/js/tooltip.minb3e8.js]
[www.peluqueriaartelatino.com/wp-content/themes/event-planners/assets/js/complete68b3.js]
[www.peluqueriaartelatino.com/wp-content/themes/event-planners/assets/js/vidbg68b3.js]
[www.peluqueriaartelatino.com/wp-content/themes/event-planners/assets/js/other68b3.js]
[www.peluqueriaartelatino.com/wp-content/themes/event-planners/assets/js/jquery.bxslider.min68b3.js]
[www.peluqueriaartelatino.com/wp-content/themes/event-planners/assets/js/index68b3.js]
[www.peluqueriaartelatino.com/wp-content/themes/event-planners/assets/js/jquery.quicksand68b3.js]
[www.peluqueriaartelatino.com/wp-content/themes/event-planners/assets/js/script68b3.js]
[www.peluqueriaartelatino.com/wp-content/themes/event-planners/assets/js/jquery.prettyPhoto68b3.js]
[www.peluqueriaartelatino.com/wp-content/themes/event-planners/assets/js/animation68b3.js]
[www.peluqueriaartelatino.com/xmlrpc0db0.php]
[www.peluqueriaartelatino.com/wp-json/index.html]
[www.peluqueriaartelatino.com/wp-includes/wlwmanifest.xml]
[www.peluqueriaartelatino.com/wp-content/themes/event-planners/images/section-6-bg.jpg]
[peluqueriaartelatino.citiservi.de/wp-content/uploads/sites/251/2020/06/logo_arte-latino-peluqueria.png]
[peluqueriaartelatino.citiservi.de/wp-content/uploads/sites/251/2020/06/peluqueria-de-se¦oras-arte-latino-en-alcala-de-henares-2.png]
[www.peluqueriaartelatino.com/wp-content/uploads/sites/251/2020/11/peluquerias-especialistas-en-trenzados-en-alcala-de-henares.png]
[www.peluqueriaartelatino.com/wp-content/uploads/sites/251/2020/11/peluqueros-especialistas-en-recogidos-para-novias-en-alcala-de-henares.png]
[www.peluqueriaartelatino.com/wp-content/uploads/sites/251/2020/11/Peluqueros-para-bodas-en-alcala-de-henares.png]
[www.peluqueriaartelatino.com/wp-content/uploads/sites/251/2020/11/Tratamientos-de-hidratacion-con-keratina-en-alcala-de-henares.png]
[peluqueriaartelatino.citiservi.de/wp-content/uploads/sites/251/2020/06/peluqueros-corte-latino-en-alcala-de-henares_.png]
[peluqueriaartelatino.citiservi.de/wp-content/uploads/sites/251/2020/06/peluqueros-y-peluquerias-peinados-para-novias-en-alcala-de-henares-1.png]
[peluqueriaartelatino.citiservi.de/wp-content/uploads/sites/251/2020/06/peluqueros-y-peluquerias-peinados-para-novias-en-alcala-de-henares-2.png]
[peluqueriaartelatino.citiservi.de/wp-content/uploads/sites/251/2020/06/peluquerias-de-caballeros-con-cortes-modernos-en-alcala-de-henares.png]
[www.peluqueriaartelatino.com/arte-latino/index.html]
[peluqueriaartelatino.citiservi.de/wp-content/uploads/sites/251/2020/06/pie2.jpg]
[www.peluqueriaartelatino.com/wp-content/plugins/woo-quote-or-enquiry-contact-form-7/assets/images/ajax-loader.gif]
[www.peluqueriaartelatino.com/mechas/index.html]
[www.peluqueriaartelatino.com/mujer/index.html]
[www.peluqueriaartelatino.com/tinte/index.html]
[www.peluqueriaartelatino.com/novias/index.html]
[www.peluqueriaartelatino.com/wp-content/plugins/shortcodes-ultimate/includes/css/shortcodesc225.css]
[www.peluqueriaartelatino.com/wp-content/plugins/contact-form-7/includes/js/scripts38c6.js]
[www.peluqueriaartelatino.com/galeria/index.html]
[www.peluqueriaartelatino.com/wp-includes/js/jquery/ui/core.mine899.js]
[www.peluqueriaartelatino.com/comuniones/index.html]
[www.peluqueriaartelatino.com/wp-includes/js/jquery/ui/datepicker.mine899.js]
[ajax.googleapis.com/ajax/libs/jqueryui/1.11.4/i18n/datepicker-es.mine899.js]
[www.peluqueriaartelatino.com/hombre/index.html]
[www.peluqueriaartelatino.com/wp-content/plugins/contact-form-7-datepicker/js/jquery-ui-timepicker/jquery-ui-timepicker-addon.min8d9d.js]
[www.peluqueriaartelatino.com/wp-content/plugins/contact-form-7-datepicker/js/jquery-ui-timepicker/i18n/jquery-ui-timepicker-es8d9d.js]
[www.peluqueriaartelatino.com/wp-includes/js/jquery/ui/widget.mine899.js]
[www.peluqueriaartelatino.com/contacto/index.html]
[www.peluqueriaartelatino.com/wp-includes/js/jquery/ui/mouse.mine899.js]
[www.peluqueriaartelatino.com/wp-includes/js/jquery/ui/slider.mine899.js]
[www.peluqueriaartelatino.com/aviso-legal/index.html]
[www.peluqueriaartelatino.com/wp-includes/js/jquery/ui/button.mine899.js]
[www.peluqueriaartelatino.com/wp-content/plugins/contact-form-7-datepicker/js/jquery-ui-sliderAccess8d9d.js]
[www.peluqueriaartelatino.com/wp-content/plugins/trx_utils/js/trx_utils.js]
[www.peluqueriaartelatino.com/wp-content/plugins/woocommerce/assets/js/jquery-blockui/jquery.blockUI.min44fd.js]
[www.peluqueriaartelatino.com/wp-content/plugins/woocommerce/assets/js/frontend/add-to-cart.min9e95.js]
[www.peluqueriaartelatino.com/wp-content/plugins/woocommerce/assets/js/js-cookie/js.cookie.min6b25.js]
[www.peluqueriaartelatino.com/wp-content/plugins/woocommerce/assets/js/frontend/woocommerce.min9e95.js]
[www.peluqueriaartelatino.com/wp-content/plugins/woocommerce/assets/js/frontend/cart-fragments.min9e95.js]
[www.peluqueriaartelatino.com/wp-content/plugins/wp-google-places-review-slider/public/js/wprev-public-com-mineba7.js]
[www.google.com/recaptcha/apid7f4.js]
[www.peluqueriaartelatino.com/wp-includes/js/hoverIntent.minc245.js]
[www.peluqueriaartelatino.com/wp-content/plugins/creame-whatsapp-me/public/js/joinchat.minfb3d.js]
[www.peluqueriaartelatino.com/wp-includes/js/wp-embed.min8d9d.js]
[www.peluqueriaartelatino.com/index.html]
[www.peluqueriaartelatino.com/xmlrpc.php]
[www.peluqueriaartelatino.com/wp-content/plugins/contact-form-7/images/ajax-loader.gif]
[www.peluqueriaartelatino.com/wp-content/plugins/contact-form-7/includes/css/styles38c6.css]
[ajax.googleapis.com/ajax/libs/jqueryui/1.11.4/themes/smoothness/images/ui-bg_flat_75_ffffff_40x100.png]
[ajax.googleapis.com/ajax/libs/jqueryui/1.11.4/themes/smoothness/images/ui-bg_highlight-soft_75_cccccc_1x100.png]
[ajax.googleapis.com/ajax/libs/jqueryui/1.11.4/themes/smoothness/images/ui-bg_glass_75_e6e6e6_1x400.png]
[ajax.googleapis.com/ajax/libs/jqueryui/1.11.4/themes/smoothness/images/ui-bg_glass_75_dadada_1x400.png]
[ajax.googleapis.com/ajax/libs/jqueryui/1.11.4/themes/smoothness/images/ui-bg_glass_65_ffffff_1x400.png]
[ajax.googleapis.com/ajax/libs/jqueryui/1.11.4/themes/smoothness/images/ui-bg_glass_55_fbf9ee_1x400.png]
[ajax.googleapis.com/ajax/libs/jqueryui/1.11.4/themes/smoothness/images/ui-bg_glass_95_fef1ec_1x400.png]
[ajax.googleapis.com/ajax/libs/jqueryui/1.11.4/themes/smoothness/images/ui-icons_222222_256x240.png]
[ajax.googleapis.com/ajax/libs/jqueryui/1.11.4/themes/smoothness/images/ui-icons_888888_256x240.png]
[ajax.googleapis.com/ajax/libs/jqueryui/1.11.4/themes/smoothness/images/ui-icons_454545_256x240.png]
[ajax.googleapis.com/ajax/libs/jqueryui/1.11.4/themes/smoothness/images/ui-icons_2e83ff_256x240.png]
[ajax.googleapis.com/ajax/libs/jqueryui/1.11.4/themes/smoothness/images/ui-icons_cd0a0a_256x240.png]
[ajax.googleapis.com/ajax/libs/jqueryui/1.11.4/themes/smoothness/images/ui-bg_flat_0_aaaaaa_40x100.png]
[ajax.googleapis.com/ajax/libs/jqueryui/1.11.4/themes/smoothness/jquery-ui.mine899.css]
[www.peluqueriaartelatino.com/wp-content/plugins/contact-form-7-datepicker/js/jquery-ui-timepicker/jquery-ui-timepicker-addon.min8d9d.css]
[www.peluqueriaartelatino.com/wp-content/plugins/cookie-notice/css/front.min8d9d.css]
[www.peluqueriaartelatino.com/wp-content/plugins/cpo-widgets/font/social.eot]
[www.peluqueriaartelatino.com/wp-content/plugins/cpo-widgets/font/social.woff]
[www.peluqueriaartelatino.com/wp-content/plugins/cpo-widgets/font/social.ttf]
[www.peluqueriaartelatino.com/wp-content/plugins/cpo-widgets/css/style8d9d.css]
[www.peluqueriaartelatino.com/wp-content/plugins/woo-quote-or-enquiry-contact-form-7/assets/images/mail.png]
[www.peluqueriaartelatino.com/wp-content/plugins/woo-quote-or-enquiry-contact-form-7/assets/css/wqoecf-front-style8d9d.css]
[www.peluqueriaartelatino.com/wp-content/plugins/woocommerce-all-discounts/public/images/facebook.png]
[www.peluqueriaartelatino.com/wp-content/plugins/woocommerce-all-discounts/public/css/wad-publicb3e8.css]
[www.peluqueriaartelatino.com/wp-content/plugins/woocommerce-all-discounts/public/images/instagram.png]
[www.peluqueriaartelatino.com/wp-content/plugins/woocommerce-all-discounts/public/css/tooltip.minb3e8.css]
[www.peluqueriaartelatino.com/wp-content/plugins/woocommerce/assets/css/woocommerce-layout9e95.css]
[www.peluqueriaartelatino.com/wp-content/plugins/woocommerce/assets/css/woocommerce-smallscreen9e95.css]
[www.peluqueriaartelatino.com/wp-content/plugins/woocommerce/assets/fonts/star.eot]
[www.peluqueriaartelatino.com/wp-content/plugins/woocommerce/assets/fonts/stard41d.eot]
[www.peluqueriaartelatino.com/wp-content/plugins/woocommerce/assets/fonts/star.woff]
[www.peluqueriaartelatino.com/wp-content/plugins/woocommerce/assets/fonts/star.ttf]
[www.peluqueriaartelatino.com/wp-content/plugins/woocommerce/assets/fonts/WooCommerce.eot]
[www.peluqueriaartelatino.com/wp-content/plugins/woocommerce/assets/fonts/WooCommerced41d.eot]
[www.peluqueriaartelatino.com/wp-content/plugins/woocommerce/assets/fonts/WooCommerce.woff]
[www.peluqueriaartelatino.com/wp-content/plugins/woocommerce/assets/fonts/WooCommerce.ttf]
[www.peluqueriaartelatino.com/wp-content/plugins/woocommerce/assets/css/woocommerce9e95.css]
[www.peluqueriaartelatino.com/wp-content/plugins/wp-google-places-review-slider/public/css/imgs/slider_arrow.png]
[www.peluqueriaartelatino.com/wp-content/plugins/wp-google-places-review-slider/public/css/wprev-public_combineeba7.css]
[www.peluqueriaartelatino.com/wp-content/plugins/wp-store-locator/font/fontello8040.eot]
[www.peluqueriaartelatino.com/wp-content/plugins/wp-store-locator/font/fontello8040.woff]
[www.peluqueriaartelatino.com/wp-content/plugins/wp-store-locator/font/fontello8040.ttf]
[www.peluqueriaartelatino.com/wp-content/plugins/wp-store-locator/css/styles.min7395.css]
[www.peluqueriaartelatino.com/wp-content/themes/event-planners/assets/images/newloader.gif]
[www.peluqueriaartelatino.com/wp-content/themes/event-planners/images/icons-search.png]
[www.peluqueriaartelatino.com/wp-content/themes/event-planners/style8d9d.css]
[www.peluqueriaartelatino.com/wp-content/themes/event-planners/style_core8d9d.css]
[www.peluqueriaartelatino.com/wp-content/themes/event-planners/images/bx_loader.gif]
[www.peluqueriaartelatino.com/wp-content/themes/event-planners/images/slide-nav.png]
[www.peluqueriaartelatino.com/wp-content/themes/event-planners/assets/css/nivo-slider8d9d.css]
[www.peluqueriaartelatino.com/wp-content/themes/event-planners/images/arrows.png]
[www.peluqueriaartelatino.com/wp-content/themes/event-planners/assets/images/prettyPhoto/light_rounded/sprite.png]
[www.peluqueriaartelatino.com/wp-content/themes/event-planners/assets/images/prettyPhoto/light_rounded/btnNext.png]
[www.peluqueriaartelatino.com/wp-content/themes/event-planners/assets/images/prettyPhoto/light_rounded/btnPrevious.png]
[www.peluqueriaartelatino.com/wp-content/themes/event-planners/assets/images/prettyPhoto/light_rounded/loader.gif]
[www.peluqueriaartelatino.com/wp-content/themes/event-planners/assets/images/prettyPhoto/dark_rounded/sprite.png]
[www.peluqueriaartelatino.com/wp-content/themes/event-planners/assets/images/prettyPhoto/dark_rounded/contentPattern.png]
[www.peluqueriaartelatino.com/wp-content/themes/event-planners/assets/images/prettyPhoto/dark_rounded/btnNext.png]
[www.peluqueriaartelatino.com/wp-content/themes/event-planners/assets/images/prettyPhoto/dark_rounded/btnPrevious.png]
[www.peluqueriaartelatino.com/wp-content/themes/event-planners/assets/images/prettyPhoto/dark_rounded/loader.gif]
[www.peluqueriaartelatino.com/wp-content/themes/event-planners/assets/images/prettyPhoto/dark_square/contentPattern.png]
[www.peluqueriaartelatino.com/wp-content/themes/event-planners/assets/images/prettyPhoto/dark_square/sprite.png]
[www.peluqueriaartelatino.com/wp-content/themes/event-planners/assets/images/prettyPhoto/dark_square/btnNext.png]
[www.peluqueriaartelatino.com/wp-content/themes/event-planners/assets/images/prettyPhoto/dark_square/btnPrevious.png]
[www.peluqueriaartelatino.com/wp-content/themes/event-planners/assets/images/prettyPhoto/light_square/sprite.png]
[www.peluqueriaartelatino.com/wp-content/themes/event-planners/assets/images/prettyPhoto/light_square/btnNext.png]
[www.peluqueriaartelatino.com/wp-content/themes/event-planners/assets/images/prettyPhoto/light_square/btnPrevious.png]
[www.peluqueriaartelatino.com/wp-content/themes/event-planners/assets/images/prettyPhoto/facebook/sprite.png]
[www.peluqueriaartelatino.com/wp-content/themes/event-planners/assets/images/prettyPhoto/facebook/contentPatternTop.png]
[www.peluqueriaartelatino.com/wp-content/themes/event-planners/assets/images/prettyPhoto/facebook/contentPatternLeft.png]
[www.peluqueriaartelatino.com/wp-content/themes/event-planners/assets/images/prettyPhoto/facebook/contentPatternRight.png]
[www.peluqueriaartelatino.com/wp-content/themes/event-planners/assets/images/prettyPhoto/facebook/loader.gif]
[www.peluqueriaartelatino.com/wp-content/themes/event-planners/assets/images/prettyPhoto/facebook/btnNext.png]
[www.peluqueriaartelatino.com/wp-content/themes/event-planners/assets/images/prettyPhoto/facebook/btnPrevious.png]
[www.peluqueriaartelatino.com/wp-content/themes/event-planners/assets/images/prettyPhoto/facebook/contentPatternBottom.png]
[www.peluqueriaartelatino.com/wp-content/themes/event-planners/assets/css/prettyPhoto8d9d.css]
[www.peluqueriaartelatino.com/wp-content/themes/event-planners/assets/images/prettyPhoto/facebook/default_thumbnail.gif]
[www.peluqueriaartelatino.com/wp-content/themes/event-planners/assets/fonts/fontawesome/fontawesome-webfont.eot]
[www.peluqueriaartelatino.com/wp-content/themes/event-planners/assets/fonts/fontawesome/fontawesome-webfontd41d.eot]
[www.peluqueriaartelatino.com/wp-content/themes/event-planners/assets/fonts/fontawesome/fontawesome-webfont.woff]
[www.peluqueriaartelatino.com/wp-content/themes/event-planners/assets/fonts/fontawesome/fontawesome-webfont.ttf]
[www.peluqueriaartelatino.com/wp-content/themes/event-planners/assets/fonts/font-awesome8d9d.css]
[www.peluqueriaartelatino.com/wp-content/themes/event-planners/assets/css/custom-animation8d9d.css]
[www.peluqueriaartelatino.com/wp-content/themes/event-planners/assets/css/animation8d9d.css]
[www.peluqueriaartelatino.com/wp-content/plugins/creame-whatsapp-me/public/css/joinchat.minfb3d.css]
[www.peluqueriaartelatino.com/wp-json/oembed/1.0/embed9eb4.json]
[www.peluqueriaartelatino.com/wp-json/oembed/1.0/embedc0a0]
[peluqueriaartelatino.citiservi.de/wp-content/uploads/sites/251/2020/06/13.jpg]
[www.peluqueriaartelatino.com/wp-content/uploads/sites/251/2020/06/12.jpg]
[www.peluqueriaartelatino.com/wp-includes/js/comment-reply.min8d9d.js]
[www.peluqueriaartelatino.com/arte-latino/index.html]
[www.peluqueriaartelatino.com/peluquerias-de-senoras-en-alcala-de-henares/index.html]
[www.peluqueriaartelatino.com/wp-json/oembed/1.0/embed0e19.json]
[www.peluqueriaartelatino.com/wp-json/oembed/1.0/embed8750]
[www.peluqueriaartelatino.com/wp-content/uploads/sites/251/2020/06/salones-de-alta-peluqueria-en-alcala-de-henares-1.png]
[peluqueriaartelatino.citiservi.de/wp-content/uploads/sites/251/2020/06/especialistas-en-alta-peluqueria-en-alcala-de-henares.png]
[www.peluqueriaartelatino.com/mujer/index.html]
[www.peluqueriaartelatino.com/wp-json/oembed/1.0/embed7128.json]
[www.peluqueriaartelatino.com/wp-json/oembed/1.0/embed8267]
[www.peluqueriaartelatino.com/wp-content/uploads/sites/251/2020/06/peluqueros-especialistas-en-te¦idos-de-colores-en-alcala-de-henares.png]
[peluqueriaartelatino.citiservi.de/wp-content/uploads/sites/251/2020/06/peluquerias-especialistas-en-tintes-de-color-en-alcala-de-henares.png]
[www.peluqueriaartelatino.com/tinte/index.html]
[www.peluqueriaartelatino.com/wp-json/oembed/1.0/embedf756.json]
[www.peluqueriaartelatino.com/wp-json/oembed/1.0/embedd7a1]
[www.peluqueriaartelatino.com/wp-content/uploads/sites/251/2020/06/peluqueros-mechas-balayage-alcala-de-henares.png]
[peluqueriaartelatino.citiservi.de/wp-content/uploads/sites/251/2020/06/peluquerias-que-hacen-todo-tipo-de-mechas-en-alcala-de-henares.png]
[www.peluqueriaartelatino.com/mechas/index.html]
[www.peluqueriaartelatino.com/wp-json/oembed/1.0/embedc5d3.json]
[www.peluqueriaartelatino.com/wp-json/oembed/1.0/embedc522]
[www.peluqueriaartelatino.com/wp-content/uploads/sites/251/2020/06/estilistas-para-novias-en-alcala-de-henares.png]
[peluqueriaartelatino.citiservi.de/wp-content/uploads/sites/251/2020/06/peinados-a-domicilio-para-novias-en-alcala-de-henares.png]
[www.peluqueriaartelatino.com/novias/index.html]
[www.peluqueriaartelatino.com/wp-json/oembed/1.0/embed36ad.json]
[www.peluqueriaartelatino.com/wp-json/oembed/1.0/embedfa83]
[www.peluqueriaartelatino.com/wp-content/uploads/sites/251/2020/06/peluquerias-para-la-primera-comunion-en-alcala-de-henares.png]
[peluqueriaartelatino.citiservi.de/wp-content/uploads/sites/251/2020/06/peluqueros-de-primera-comunion-a-domicilio-en-alcala-de-henares.png]
[www.peluqueriaartelatino.com/comuniones/index.html]
[www.peluqueriaartelatino.com/wp-json/oembed/1.0/embedf140.json]
[www.peluqueriaartelatino.com/wp-json/oembed/1.0/embedb6ed]
[www.peluqueriaartelatino.com/wp-content/uploads/sites/251/2020/06/cortes-de-pelo-modernos-para-caballeros-en-alcala-de-henares.png]
[peluqueriaartelatino.citiservi.de/wp-content/uploads/sites/251/2020/06/peluquerias-que-arreglan-barba-y-bigotes-en-alcala-de-henares.png]
[www.peluqueriaartelatino.com/hombre/index.html]
[www.peluqueriaartelatino.com/wp-json/oembed/1.0/embedb771.json]
[www.peluqueriaartelatino.com/wp-json/oembed/1.0/embed37fe]
[www.peluqueriaartelatino.com/wp-content/uploads/sites/251/2020/06/10.jpg]
[www.peluqueriaartelatino.com/wp-content/uploads/sites/251/2020/06/3-1.jpg]
[www.peluqueriaartelatino.com/wp-content/uploads/sites/251/2020/06/2-1.jpg]
[www.peluqueriaartelatino.com/wp-content/uploads/sites/251/2020/06/1-2.jpg]
[www.peluqueriaartelatino.com/wp-content/uploads/sites/251/2020/06/peluqueros-corte-latino-en-alcala-de-henares.jpg]
[www.peluqueriaartelatino.com/wp-content/uploads/sites/251/2020/06/especialistas-en-alta-peluqueria-en-alcala-de-henares.jpg]
[www.peluqueriaartelatino.com/wp-content/uploads/sites/251/2020/06/peluquerias-que-arreglan-barba-y-bigotes-en-alcala-de-henares-1.jpg]
[www.peluqueriaartelatino.com/wp-content/uploads/sites/251/2020/06/peluquerias-de-caballeros-con-cortes-modernos-en-alcala-de-henares.png]
[www.peluqueriaartelatino.com/wp-content/uploads/sites/251/2020/06/peluqueria-de-se¦oras-arte-latino-en-alcala-de-henares.jpg]
[www.peluqueriaartelatino.com/galeria/index.html]
[www.peluqueriaartelatino.com/wp-json/oembed/1.0/embed46b8.json]
[www.peluqueriaartelatino.com/wp-json/oembed/1.0/embedfa28]
[www.peluqueriaartelatino.com/wp-content/uploads/sites/251/2020/06/contactar-con-arte-latino-peluqueria-en-alcala-de-henares.png]
[peluqueriaartelatino.citiservi.de/wp-content/uploads/sites/251/2020/06/contactar-con-peluqueria-arte-latino-en-alcala-de-henares.png]
[www.peluqueriaartelatino.com/contacto/index.html]
[www.peluqueriaartelatino.com/contactar/index.html]
[www.peluqueriaartelatino.com/wp-json/oembed/1.0/embedbefc.json]
[www.peluqueriaartelatino.com/wp-json/oembed/1.0/embedf4b0]
[www.peluqueriaartelatino.com/aviso-legal/index.html]
[www.peluqueriaartelatino.com/wp-admin/admin-ajax.html]
[www.peluqueriaartelatino.com/wp-content/plugins/shortcodes-ultimate/includes/images/player/default.png]
[www.peluqueriaartelatino.com/wp-content/plugins/shortcodes-ultimate/includes/images/styles/style-soft.png]
[www.peluqueriaartelatino.com/wp-content/plugins/shortcodes-ultimate/includes/images/styles/style-glass.png]
[www.peluqueriaartelatino.com/wp-content/plugins/shortcodes-ultimate/includes/images/styles/style-bubbles.png]
[www.peluqueriaartelatino.com/wp-content/plugins/shortcodes-ultimate/includes/images/styles/style-noise.png]
[www.peluqueriaartelatino.com/wp-content/plugins/shortcodes-ultimate/includes/images/swiper/default.png]
[www.peluqueriaartelatino.com/wp-content/plugins/shortcodes-ultimate/includes/images/quote.png]
[www.peluqueriaartelatino.com/wp-content/plugins/shortcodes-ultimate/includes/images/player/default-start.png]
[www.peluqueriaartelatino.com/wp-content/plugins/shortcodes-ultimate/includes/css/shortcodesc225.css]
[www.peluqueriaartelatino.com/wp-content/plugins/cpo-widgets/font/social.svg]
[www.peluqueriaartelatino.com/wp-content/plugins/woocommerce/assets/fonts/star.svg]
[www.peluqueriaartelatino.com/wp-content/plugins/woocommerce/assets/fonts/WooCommerce.svg]
[www.peluqueriaartelatino.com/wp-content/plugins/woocommerce/assets/images/icons/loader.svg]
[www.peluqueriaartelatino.com/wp-content/plugins/woocommerce/assets/images/icons/credit-cards/visa.svg]
[www.peluqueriaartelatino.com/wp-content/plugins/woocommerce/assets/images/icons/credit-cards/mastercard.svg]
[www.peluqueriaartelatino.com/wp-content/plugins/woocommerce/assets/images/icons/credit-cards/laser.svg]
[www.peluqueriaartelatino.com/wp-content/plugins/woocommerce/assets/images/icons/credit-cards/diners.svg]
[www.peluqueriaartelatino.com/wp-content/plugins/woocommerce/assets/images/icons/credit-cards/maestro.svg]
[www.peluqueriaartelatino.com/wp-content/plugins/woocommerce/assets/images/icons/credit-cards/jcb.svg]
[www.peluqueriaartelatino.com/wp-content/plugins/woocommerce/assets/images/icons/credit-cards/amex.svg]
[www.peluqueriaartelatino.com/wp-content/plugins/woocommerce/assets/images/icons/credit-cards/discover.svg]
[www.peluqueriaartelatino.com/wp-content/plugins/wp-store-locator/font/fontello8040.svg]
[www.peluqueriaartelatino.com/wp-content/themes/event-planners/assets/images/widget_hover.html]
[www.peluqueriaartelatino.com/wp-content/themes/event-planners/assets/fonts/fontawesome/fontawesome-webfont.svg]
[www.peluqueriaartelatino.com/wp-content/themes/event-planners/assets/fonts/fontawesome/fontawesome-webfont.html]
[www.peluqueriaartelatino.com/index6734.html]
[www.peluqueriaartelatino.com/wp-json/oembed/1.0/embed4ad9.json]
[www.peluqueriaartelatino.com/peluquerias-de-senoras-en-alcala-de-henares/index.html]
[www.peluqueriaartelatino.com/wp-json/oembed/1.0/embed58fe]
[www.peluqueriaartelatino.com/index410c.html]
[www.peluqueriaartelatino.com/peluquerias-especialistas-en-novias-en-alcala-de-henares/index.html]
[www.peluqueriaartelatino.com/peluquerias-de-ninos-en-alcala-de-henares/index.html]
[www.peluqueriaartelatino.com/peluquerias-de-caballeros-en-alcala-de-henares/index.html]
[www.peluqueriaartelatino.com/indexca63.html]
[www.peluqueriaartelatino.com/peluquerias-especialistas-en-mechas-balayage-en-alcala-de-henares/index.html]
[www.peluqueriaartelatino.com/indexeba0.html]
[www.peluqueriaartelatino.com/peluquerias-para-tratamientos-capilares-en-alcala-de-henares/index.html]
[www.peluqueriaartelatino.com/peluquerias-especialistas-en-ninas-de-primera-comunion-alcala-de-henares/index.html]
[www.peluqueriaartelatino.com/indexf420.html]
[www.peluqueriaartelatino.com/peluquerias-especialistas-en-tocados-de-novias-en-alcala-de-henares/index.html]
[www.peluqueriaartelatino.com/peluquerias-especialistas-en-tocados-para-eventos-en-alcala-de-henares/index.html]
[www.peluqueriaartelatino.com/peluquerias-especialistas-en-tocados-para-fiestas-en-alcala-de-henares/index.html]
[www.peluqueriaartelatino.com/indexd57f.html]
[www.peluqueriaartelatino.com/peluquerias-especialistas-tratamientos-con-keratina-en-alcala-de-henares/index.html]
[www.peluqueriaartelatino.com/peluqueros-a-domicilio-para-bodas-en-alcala-de-henares/index.html]
[www.peluqueriaartelatino.com/indexcaf3.html]
[www.peluqueriaartelatino.com/peluqueros-a-domicilio-para-ninas-de-primera-comunion-en-alcala-de-henares/index.html]
[www.peluqueriaartelatino.com/peluqueros-para-novias-a-domicilio-en-alcala-de-henares/index.html]
[www.peluqueriaartelatino.com/index50ff.html]
[www.peluqueriaartelatino.com/presupuestos-para-novia-de-peinados-para-boda-en-alcala-de-henares/index.html]
[www.peluqueriaartelatino.com/presupuestos-para-ninas-de-peinados-de-primera-comunion-en-alcala-de-henares/index.html]
[www.peluqueriaartelatino.com/presupuestos-de-tratamientos-capilares-con-keratina-en-alcala-de-henares/index.html]
[www.peluqueriaartelatino.com/presupuestos-de-peinados-para-bodas-en-alcala-de-henares/index.html]
[www.peluqueriaartelatino.com/index938b.html]
[www.peluqueriaartelatino.com/index8496.html]
[www.peluqueriaartelatino.com/index02c4.html]
[www.peluqueriaartelatino.com/peluquerias-latinas-en-alcala-de-henares/index.html]
[www.peluqueriaartelatino.com/wp-json/oembed/1.0/embedbc30.json]
[www.peluqueriaartelatino.com/peluquerias-economicas-para-senoras-en-alcala-de-henares/index.html]
[www.peluqueriaartelatino.com/wp-json/oembed/1.0/embed8492]
[www.peluqueriaartelatino.com/peluquerias-de-caballeros-en-alcala-de-henares/index.html]
[www.peluqueriaartelatino.com/wp-json/oembed/1.0/embedc29c.json]
[www.peluqueriaartelatino.com/wp-json/oembed/1.0/embed9497]
[www.peluqueriaartelatino.com/peluquerias-de-ninos-en-alcala-de-henares/index.html]
[www.peluqueriaartelatino.com/wp-json/oembed/1.0/embed9373.json]
[www.peluqueriaartelatino.com/peluquerias-especialistas-en-novias-en-alcala-de-henares/index.html]
[www.peluqueriaartelatino.com/wp-json/oembed/1.0/embedc4e8]
[www.peluqueriaartelatino.com/wp-json/oembed/1.0/embed4612.json]
[www.peluqueriaartelatino.com/peluquerias-especialistas-en-ninas-de-primera-comunion-alcala-de-henares/index.html]
[www.peluqueriaartelatino.com/wp-json/oembed/1.0/embed5950]
[www.peluqueriaartelatino.com/wp-json/oembed/1.0/embed4b65.json]
[www.peluqueriaartelatino.com/peluquerias-para-tratamientos-capilares-en-alcala-de-henares/index.html]
[www.peluqueriaartelatino.com/wp-json/oembed/1.0/embedc1b7]
[www.peluqueriaartelatino.com/wp-json/oembed/1.0/embed6bfe.json]
[www.peluqueriaartelatino.com/peluquerias-especialistas-en-mechas-balayage-en-alcala-de-henares/index.html]
[www.peluqueriaartelatino.com/wp-json/oembed/1.0/embed6dde]
[www.peluqueriaartelatino.com/wp-json/oembed/1.0/embedc261.json]
[www.peluqueriaartelatino.com/peluquerias-especialistas-en-tocados-de-novias-en-alcala-de-henares/index.html]
[www.peluqueriaartelatino.com/wp-json/oembed/1.0/embed3548]
[www.peluqueriaartelatino.com/wp-json/oembed/1.0/embed5259.json]
[www.peluqueriaartelatino.com/peluquerias-especialistas-en-tocados-para-fiestas-en-alcala-de-henares/index.html]
[www.peluqueriaartelatino.com/wp-json/oembed/1.0/embedfb3a]
[www.peluqueriaartelatino.com/wp-json/oembed/1.0/embedfdb9.json]
[www.peluqueriaartelatino.com/peluquerias-especialistas-en-tocados-para-eventos-en-alcala-de-henares/index.html]
[www.peluqueriaartelatino.com/wp-json/oembed/1.0/embedf8db]
[www.peluqueriaartelatino.com/wp-json/oembed/1.0/embed639b.json]
[www.peluqueriaartelatino.com/peluquerias-especialistas-tratamientos-con-keratina-en-alcala-de-henares/index.html]
[www.peluqueriaartelatino.com/wp-json/oembed/1.0/embed7f38]
[www.peluqueriaartelatino.com/wp-json/oembed/1.0/embedc186.json]
[www.peluqueriaartelatino.com/peluqueros-a-domicilio-para-bodas-en-alcala-de-henares/index.html]
[www.peluqueriaartelatino.com/wp-json/oembed/1.0/embedb14e]
[www.peluqueriaartelatino.com/wp-json/oembed/1.0/embede389.json]
[www.peluqueriaartelatino.com/peluqueros-para-novias-a-domicilio-en-alcala-de-henares/index.html]
[www.peluqueriaartelatino.com/wp-json/oembed/1.0/embed8f91]
[www.peluqueriaartelatino.com/wp-json/oembed/1.0/embedcaf1.json]
[www.peluqueriaartelatino.com/peluqueros-a-domicilio-para-ninas-de-primera-comunion-en-alcala-de-henares/index.html]
[www.peluqueriaartelatino.com/wp-json/oembed/1.0/embed37be]
[www.peluqueriaartelatino.com/wp-json/oembed/1.0/embed2233.json]
[www.peluqueriaartelatino.com/presupuestos-para-novia-de-peinados-para-boda-en-alcala-de-henares/index.html]
[www.peluqueriaartelatino.com/wp-json/oembed/1.0/embed1286]
[www.peluqueriaartelatino.com/wp-json/oembed/1.0/embed1094.json]
[www.peluqueriaartelatino.com/presupuestos-para-ninas-de-peinados-de-primera-comunion-en-alcala-de-henares/index.html]
[www.peluqueriaartelatino.com/wp-json/oembed/1.0/embed82b7]
[www.peluqueriaartelatino.com/wp-json/oembed/1.0/embed10f3.json]
[www.peluqueriaartelatino.com/presupuestos-de-tratamientos-capilares-con-keratina-en-alcala-de-henares/index.html]
[www.peluqueriaartelatino.com/wp-json/oembed/1.0/embed5920]
[www.peluqueriaartelatino.com/wp-json/oembed/1.0/embed3036.json]
[www.peluqueriaartelatino.com/wp-json/oembed/1.0/embedc6cd]
[www.peluqueriaartelatino.com/presupuestos-de-peinados-para-bodas-en-alcala-de-henares/index.html]
[www.peluqueriaartelatino.com/wp-json/oembed/1.0/embed5732.json]
[www.peluqueriaartelatino.com/peluquerias-economicas-para-senoras-en-alcala-de-henares/index.html]
[www.peluqueriaartelatino.com/wp-json/oembed/1.0/embed4aad]
[www.peluqueriaartelatino.com/wp-json/oembed/1.0/embeddad7.json]
[www.peluqueriaartelatino.com/wp-json/oembed/1.0/embed4013]
[www.peluqueriaartelatino.com/peluquerias-latinas-en-alcala-de-henares/index.html]
[www.peluqueriaartelatino.com/indexc54a.html]
[www.peluqueriaartelatino.com/index884d.html]
[www.peluqueriaartelatino.com/index4c34.html]
[www.peluqueriaartelatino.com/indexace5.html]
[www.peluqueriaartelatino.com/indexf7e7.html]
[www.peluqueriaartelatino.com/indexdf65.html]
[www.peluqueriaartelatino.com/indexe279.html]
[www.peluqueriaartelatino.com/index7c50.html]
[www.peluqueriaartelatino.com/indexfc53.html]
[www.peluqueriaartelatino.com/index1e40.html]
[www.peluqueriaartelatino.com/indexbe7c.html]
[www.peluqueriaartelatino.com/indexf473.html]
[www.peluqueriaartelatino.com/indexead0.html]
[www.peluqueriaartelatino.com/indexab12.html]
[www.peluqueriaartelatino.com/index288d.html]
[www.peluqueriaartelatino.com/index65be.html]
[www.peluqueriaartelatino.com/indexd549.html]
[www.peluqueriaartelatino.com/indexbdb0.html]
[www.peluqueriaartelatino.com/index4682.html]
